// Jest Snapshot v1, https://goo.gl/fbAQLP

exports[`GenerateNextPosition should add a new widget to the first row and column 1`] = `
Immutable.Map {
  "foo-1": {
    "col": 1,
    "height": 5,
    "row": 1,
    "width": 6,
  },
}
`;

exports[`GenerateNextPosition should add a new widget to the first row and column to other widgets 1`] = `
Immutable.Map {
  "foo-1": {
    "col": 1,
    "height": 5,
    "row": 1,
    "width": 6,
  },
  "foo": {
    "col": 1,
    "height": 8,
    "row": 2,
    "width": 3,
  },
}
`;
