// Jest Snapshot v1, https://goo.gl/fbAQLP

exports[`AbsoluteRangeField renders 1`] = `
<DocumentFragment>
  .c1.btn-danger {
  background-color: #ad0707;
  border-color: #b23939;
  color: rgb(252,249,249);
  -webkit-transition: background-color 150ms ease-in-out,border 150ms ease-in-out,color 150ms ease-in-out;
  transition: background-color 150ms ease-in-out,border 150ms ease-in-out,color 150ms ease-in-out;
}

.c1.btn-danger:hover {
  background-color: #a00e0e;
  border-color: #a53636;
  color: #e9e6e6;
}

.c1.btn-danger.active {
  background-color: #b75151;
  border-color: #bc6363;
  color: rgb(252,249,249);
}

.c1.btn-danger.active:hover {
  background-color: #a94c4c;
  border-color: #ad5c5c;
  color: #e9e6e6;
}

.c1.btn-danger[disabled],
.c1.btn-danger.disabled {
  background-color: #c07272;
  border-color: #bc6363;
  color: rgb(252,250,250);
}

.c1.btn-danger[disabled]:hover,
.c1.btn-danger.disabled:hover {
  background-color: #c07272;
  border-color: #bc6363;
  color: rgb(252,250,250);
}

.c1.btn-default {
  background-color: #e6e6e6;
  border-color: #e0e0e0;
  color: rgb(73,73,73);
  -webkit-transition: background-color 150ms ease-in-out,border 150ms ease-in-out,color 150ms ease-in-out;
  transition: background-color 150ms ease-in-out,border 150ms ease-in-out,color 150ms ease-in-out;
}

.c1.btn-default:hover {
  background-color: #d4d4d4;
  border-color: #cfcfcf;
  color: #444444;
}

.c1.btn-default.active {
  background-color: #dadada;
  border-color: #d4d4d4;
  color: rgb(49,49,49);
}

.c1.btn-default.active:hover {
  background-color: #cacaca;
  border-color: #c4c4c4;
  color: #2f2f2f;
}

.c1.btn-default[disabled],
.c1.btn-default.disabled {
  background-color: #cecece;
  border-color: #d4d4d4;
  color: rgb(80,80,80);
}

.c1.btn-default[disabled]:hover,
.c1.btn-default.disabled:hover {
  background-color: #cecece;
  border-color: #d4d4d4;
  color: rgb(80,80,80);
}

.c1.btn-info {
  background-color: #0063be;
  border-color: #3970c2;
  color: rgb(249,250,252);
  -webkit-transition: background-color 150ms ease-in-out,border 150ms ease-in-out,color 150ms ease-in-out;
  transition: background-color 150ms ease-in-out,border 150ms ease-in-out,color 150ms ease-in-out;
}

.c1.btn-info:hover {
  background-color: #0c5cb0;
  border-color: #3668b3;
  color: #e6e7e9;
}

.c1.btn-info.active {
  background-color: #517cc5;
  border-color: #6386c9;
  color: rgb(249,250,252);
}

.c1.btn-info.active:hover {
  background-color: #4b73b6;
  border-color: #5c7dba;
  color: #e6e7e9;
}

.c1.btn-info[disabled],
.c1.btn-info.disabled {
  background-color: #7290cd;
  border-color: #6386c9;
  color: rgb(250,251,253);
}

.c1.btn-info[disabled]:hover,
.c1.btn-info.disabled:hover {
  background-color: #7290cd;
  border-color: #6386c9;
  color: rgb(250,251,253);
}

.c1.btn-link {
  background-color: rgba(255,255,255,0);
  border-color: rgba(255,255,255,0);
  color: #702785;
  -webkit-transition: background-color 150ms ease-in-out,border 150ms ease-in-out,color 150ms ease-in-out;
  transition: background-color 150ms ease-in-out,border 150ms ease-in-out,color 150ms ease-in-out;
}

.c1.btn-link:hover {
  background-color: transparent;
  border-color: transparent;
  color: #410057;
}

.c1.btn-link.active {
  background-color: rgba(255,255,255,0);
  border-color: rgba(255,255,255,0);
  color: #410057;
}

.c1.btn-link.active:hover {
  background-color: rgba(255,255,255,0);
  border-color: transparent;
  color: #410057;
}

.c1.btn-link[disabled],
.c1.btn-link.disabled {
  background-color: rgba(255,255,255,0);
  border-color: rgba(255,255,255,0);
  color: #702785;
}

.c1.btn-link[disabled]:hover,
.c1.btn-link.disabled:hover {
  background-color: rgba(255,255,255,0);
  border-color: rgba(255,255,255,0);
  color: #702785;
}

.c1.btn-primary {
  background-color: #702785;
  border-color: #7b458e;
  color: rgb(234,229,236);
  -webkit-transition: background-color 150ms ease-in-out,border 150ms ease-in-out,color 150ms ease-in-out;
  transition: background-color 150ms ease-in-out,border 150ms ease-in-out,color 150ms ease-in-out;
}

.c1.btn-primary:hover {
  background-color: #68267b;
  border-color: #724083;
  color: #d8d3da;
}

.c1.btn-primary.active {
  background-color: #855996;
  border-color: #8f699d;
  color: rgb(250,249,251);
}

.c1.btn-primary.active:hover {
  background-color: #7c538b;
  border-color: #846292;
  color: #e7e6e8;
}

.c1.btn-primary[disabled],
.c1.btn-primary.disabled {
  background-color: #9877a5;
  border-color: #8f699d;
  color: rgb(251,250,251);
}

.c1.btn-primary[disabled]:hover,
.c1.btn-primary.disabled:hover {
  background-color: #9877a5;
  border-color: #8f699d;
  color: rgb(251,250,251);
}

.c1.btn-success {
  background-color: #00ae42;
  border-color: #39b356;
  color: rgb(249,252,249);
  -webkit-transition: background-color 150ms ease-in-out,border 150ms ease-in-out,color 150ms ease-in-out;
  transition: background-color 150ms ease-in-out,border 150ms ease-in-out,color 150ms ease-in-out;
}

.c1.btn-success:hover {
  background-color: #0ca13e;
  border-color: #36a550;
  color: #e6e9e6;
}

.c1.btn-success.active {
  background-color: #51b866;
  border-color: #63bc74;
  color: rgb(249,252,250);
}

.c1.btn-success.active:hover {
  background-color: #4baa5f;
  border-color: #5cae6c;
  color: #e6e9e7;
}

.c1.btn-success[disabled],
.c1.btn-success.disabled {
  background-color: #72c180;
  border-color: #63bc74;
  color: rgb(250,252,250);
}

.c1.btn-success[disabled]:hover,
.c1.btn-success.disabled:hover {
  background-color: #72c180;
  border-color: #63bc74;
  color: rgb(250,252,250);
}

.c1.btn-warning {
  background-color: #ffd200;
  border-color: #f9cd07;
  color: rgb(57,47,0);
  -webkit-transition: background-color 150ms ease-in-out,border 150ms ease-in-out,color 150ms ease-in-out;
  transition: background-color 150ms ease-in-out,border 150ms ease-in-out,color 150ms ease-in-out;
}

.c1.btn-warning:hover {
  background-color: #ebc20c;
  border-color: #e6bd0e;
  color: #362d0c;
}

.c1.btn-warning.active {
  background-color: #f2c70a;
  border-color: #ebc20c;
  color: rgb(54,45,2);
}

.c1.btn-warning.active:hover {
  background-color: #e0b80f;
  border-color: #d9b310;
  color: #332b0c;
}

.c1.btn-warning[disabled],
.c1.btn-warning.disabled {
  background-color: #e4bc0e;
  border-color: #ebc20c;
  color: rgb(88,73,5);
}

.c1.btn-warning[disabled]:hover,
.c1.btn-warning.disabled:hover {
  background-color: #e4bc0e;
  border-color: #ebc20c;
  color: rgb(88,73,5);
}

.c0.form-control:not([type="range"]) {
  color: #1f1f1f;
  background-color: #fff;
  border-color: #a6a6a6;
}

.c0.form-control:not([type="range"])::-webkit-input-placeholder {
  color: #9b9b9b;
}

.c0.form-control:not([type="range"])::-moz-placeholder {
  color: #9b9b9b;
}

.c0.form-control:not([type="range"]):-ms-input-placeholder {
  color: #9b9b9b;
}

.c0.form-control:not([type="range"])::placeholder {
  color: #9b9b9b;
}

.c0.form-control:not([type="range"]):focus {
  border-color: #7894ce;
  box-shadow: inset 0 1px 1px rgba(0,0,0,0.075),0 0 8px rgba(120,148,206,0.4);
}

.c0.form-control:not([type="range"])[disabled],
.c0.form-control:not([type="range"])[readonly],
fieldset[disabled] .c0.form-control:not([type="range"]) {
  background-color: #dddddd;
  color: #9b9b9b;
}

.c0.form-control:not([type="range"]) ~ .form-control-feedback.glyphicon {
  display: none;
}

.c4 {
  color: #1f1f1f;
  background-color: #fff;
  border-color: #a6a6a6;
}

.c2 {
  width: 100%;
}

.c2 .DayPicker-Day {
  min-width: 34px;
  max-width: 34px;
  min-height: 34px;
  max-height: 34px;
}

.c2 .DayPicker-Day--selected:not(.DayPicker-Day--disabled):not(.DayPicker-Day--outside) {
  background-color: #cbbfd1;
  color: #270e2e;
}

.c2 .DayPicker-Day--today {
  color: #0063be;
}

.c2 .DayPicker-Day:focus {
  outline-color: #702785;
}

.c2:not(.DayPicker--interactionDisabled) .DayPicker-Day:not(.DayPicker-Day--disabled):not(.DayPicker-Day--selected):not(.DayPicker-Day--outside):focus {
  outline-color: #702785;
}

.c2:not(.DayPicker--interactionDisabled) .DayPicker-Day:not(.DayPicker-Day--disabled):not(.DayPicker-Day--selected):not(.DayPicker-Day--outside):hover {
  background-color: #f2f0f4;
  color: #4b1a59;
}

.c3 {
  display: -webkit-box;
  display: -webkit-flex;
  display: -ms-flexbox;
  display: flex;
  -webkit-align-items: center;
  -webkit-box-align: center;
  -ms-flex-align: center;
  align-items: center;
  -webkit-box-pack: center;
  -webkit-justify-content: center;
  -ms-flex-pack: center;
  justify-content: center;
  -webkit-flex: 1;
  -ms-flex: 1;
  flex: 1;
}

.c3 b {
  padding: 0 3px;
}

.c5 {
  padding: 0;
  background: #f3f3f3;
}

.c5:not(:first-child):not(:last-child) {
  border-right: 0;
  border-left: 0;
  padding: 0 3px;
}

.c7 {
  padding: 0 9px;
}

.c7.form-control:not([type="range"]) {
  color: #1f1f1f;
  background-color: #fff;
  border-color: #a6a6a6;
}

.c7.form-control:not([type="range"])::-webkit-input-placeholder {
  color: #9b9b9b;
}

.c7.form-control:not([type="range"])::-moz-placeholder {
  color: #9b9b9b;
}

.c7.form-control:not([type="range"]):-ms-input-placeholder {
  color: #9b9b9b;
}

.c7.form-control:not([type="range"])::placeholder {
  color: #9b9b9b;
}

.c7.form-control:not([type="range"]):focus {
  border-color: #7894ce;
  box-shadow: inset 0 1px 1px rgba(0,0,0,0.075),0 0 8px rgba(120,148,206,0.4);
}

.c7.form-control:not([type="range"])[disabled],
.c7.form-control:not([type="range"])[readonly],
fieldset[disabled] .c7.form-control:not([type="range"]) {
  background-color: #dddddd;
  color: #9b9b9b;
}

.c7.form-control:not([type="range"]) ~ .form-control-feedback.glyphicon {
  display: none;
}

.c6 {
  padding: 6px 9px;
  line-height: 1.1;
}

.c6.btn-danger {
  background-color: #ad0707;
  border-color: #b23939;
  color: rgb(252,249,249);
  -webkit-transition: background-color 150ms ease-in-out,border 150ms ease-in-out,color 150ms ease-in-out;
  transition: background-color 150ms ease-in-out,border 150ms ease-in-out,color 150ms ease-in-out;
}

.c6.btn-danger:hover {
  background-color: #a00e0e;
  border-color: #a53636;
  color: #e9e6e6;
}

.c6.btn-danger.active {
  background-color: #b75151;
  border-color: #bc6363;
  color: rgb(252,249,249);
}

.c6.btn-danger.active:hover {
  background-color: #a94c4c;
  border-color: #ad5c5c;
  color: #e9e6e6;
}

.c6.btn-danger[disabled],
.c6.btn-danger.disabled {
  background-color: #c07272;
  border-color: #bc6363;
  color: rgb(252,250,250);
}

.c6.btn-danger[disabled]:hover,
.c6.btn-danger.disabled:hover {
  background-color: #c07272;
  border-color: #bc6363;
  color: rgb(252,250,250);
}

.c6.btn-default {
  background-color: #e6e6e6;
  border-color: #e0e0e0;
  color: rgb(73,73,73);
  -webkit-transition: background-color 150ms ease-in-out,border 150ms ease-in-out,color 150ms ease-in-out;
  transition: background-color 150ms ease-in-out,border 150ms ease-in-out,color 150ms ease-in-out;
}

.c6.btn-default:hover {
  background-color: #d4d4d4;
  border-color: #cfcfcf;
  color: #444444;
}

.c6.btn-default.active {
  background-color: #dadada;
  border-color: #d4d4d4;
  color: rgb(49,49,49);
}

.c6.btn-default.active:hover {
  background-color: #cacaca;
  border-color: #c4c4c4;
  color: #2f2f2f;
}

.c6.btn-default[disabled],
.c6.btn-default.disabled {
  background-color: #cecece;
  border-color: #d4d4d4;
  color: rgb(80,80,80);
}

.c6.btn-default[disabled]:hover,
.c6.btn-default.disabled:hover {
  background-color: #cecece;
  border-color: #d4d4d4;
  color: rgb(80,80,80);
}

.c6.btn-info {
  background-color: #0063be;
  border-color: #3970c2;
  color: rgb(249,250,252);
  -webkit-transition: background-color 150ms ease-in-out,border 150ms ease-in-out,color 150ms ease-in-out;
  transition: background-color 150ms ease-in-out,border 150ms ease-in-out,color 150ms ease-in-out;
}

.c6.btn-info:hover {
  background-color: #0c5cb0;
  border-color: #3668b3;
  color: #e6e7e9;
}

.c6.btn-info.active {
  background-color: #517cc5;
  border-color: #6386c9;
  color: rgb(249,250,252);
}

.c6.btn-info.active:hover {
  background-color: #4b73b6;
  border-color: #5c7dba;
  color: #e6e7e9;
}

.c6.btn-info[disabled],
.c6.btn-info.disabled {
  background-color: #7290cd;
  border-color: #6386c9;
  color: rgb(250,251,253);
}

.c6.btn-info[disabled]:hover,
.c6.btn-info.disabled:hover {
  background-color: #7290cd;
  border-color: #6386c9;
  color: rgb(250,251,253);
}

.c6.btn-link {
  background-color: rgba(255,255,255,0);
  border-color: rgba(255,255,255,0);
  color: #702785;
  -webkit-transition: background-color 150ms ease-in-out,border 150ms ease-in-out,color 150ms ease-in-out;
  transition: background-color 150ms ease-in-out,border 150ms ease-in-out,color 150ms ease-in-out;
}

.c6.btn-link:hover {
  background-color: transparent;
  border-color: transparent;
  color: #410057;
}

.c6.btn-link.active {
  background-color: rgba(255,255,255,0);
  border-color: rgba(255,255,255,0);
  color: #410057;
}

.c6.btn-link.active:hover {
  background-color: rgba(255,255,255,0);
  border-color: transparent;
  color: #410057;
}

.c6.btn-link[disabled],
.c6.btn-link.disabled {
  background-color: rgba(255,255,255,0);
  border-color: rgba(255,255,255,0);
  color: #702785;
}

.c6.btn-link[disabled]:hover,
.c6.btn-link.disabled:hover {
  background-color: rgba(255,255,255,0);
  border-color: rgba(255,255,255,0);
  color: #702785;
}

.c6.btn-primary {
  background-color: #702785;
  border-color: #7b458e;
  color: rgb(234,229,236);
  -webkit-transition: background-color 150ms ease-in-out,border 150ms ease-in-out,color 150ms ease-in-out;
  transition: background-color 150ms ease-in-out,border 150ms ease-in-out,color 150ms ease-in-out;
}

.c6.btn-primary:hover {
  background-color: #68267b;
  border-color: #724083;
  color: #d8d3da;
}

.c6.btn-primary.active {
  background-color: #855996;
  border-color: #8f699d;
  color: rgb(250,249,251);
}

.c6.btn-primary.active:hover {
  background-color: #7c538b;
  border-color: #846292;
  color: #e7e6e8;
}

.c6.btn-primary[disabled],
.c6.btn-primary.disabled {
  background-color: #9877a5;
  border-color: #8f699d;
  color: rgb(251,250,251);
}

.c6.btn-primary[disabled]:hover,
.c6.btn-primary.disabled:hover {
  background-color: #9877a5;
  border-color: #8f699d;
  color: rgb(251,250,251);
}

.c6.btn-success {
  background-color: #00ae42;
  border-color: #39b356;
  color: rgb(249,252,249);
  -webkit-transition: background-color 150ms ease-in-out,border 150ms ease-in-out,color 150ms ease-in-out;
  transition: background-color 150ms ease-in-out,border 150ms ease-in-out,color 150ms ease-in-out;
}

.c6.btn-success:hover {
  background-color: #0ca13e;
  border-color: #36a550;
  color: #e6e9e6;
}

.c6.btn-success.active {
  background-color: #51b866;
  border-color: #63bc74;
  color: rgb(249,252,250);
}

.c6.btn-success.active:hover {
  background-color: #4baa5f;
  border-color: #5cae6c;
  color: #e6e9e7;
}

.c6.btn-success[disabled],
.c6.btn-success.disabled {
  background-color: #72c180;
  border-color: #63bc74;
  color: rgb(250,252,250);
}

.c6.btn-success[disabled]:hover,
.c6.btn-success.disabled:hover {
  background-color: #72c180;
  border-color: #63bc74;
  color: rgb(250,252,250);
}

.c6.btn-warning {
  background-color: #ffd200;
  border-color: #f9cd07;
  color: rgb(57,47,0);
  -webkit-transition: background-color 150ms ease-in-out,border 150ms ease-in-out,color 150ms ease-in-out;
  transition: background-color 150ms ease-in-out,border 150ms ease-in-out,color 150ms ease-in-out;
}

.c6.btn-warning:hover {
  background-color: #ebc20c;
  border-color: #e6bd0e;
  color: #362d0c;
}

.c6.btn-warning.active {
  background-color: #f2c70a;
  border-color: #ebc20c;
  color: rgb(54,45,2);
}

.c6.btn-warning.active:hover {
  background-color: #e0b80f;
  border-color: #d9b310;
  color: #332b0c;
}

.c6.btn-warning[disabled],
.c6.btn-warning.disabled {
  background-color: #e4bc0e;
  border-color: #ebc20c;
  color: rgb(88,73,5);
}

.c6.btn-warning[disabled]:hover,
.c6.btn-warning.disabled:hover {
  background-color: #e4bc0e;
  border-color: #ebc20c;
  color: rgb(88,73,5);
}

<form
    action="#"
  >
    <div>
      <div
        class="form-group"
      >
        <span>
          <span
            class="input-group"
          >
            <input
              autocomplete="off"
              class="c0 form-control"
              id="date-input-tempTimeRange[from]"
              label=""
              name="tempTimeRange[from]"
              placeholder="YYYY-MM-DD HH:mm:ss"
              type="text"
              value=""
            />
            <span
              class="input-group-btn"
            >
              <button
                class="c1 btn btn-default"
                title="Insert current date"
                type="button"
              >
                <svg
                  class="svg-inline--fa fa-magic"
                />
              </button>
            </span>
          </span>
        </span>
      </div>
      <div
        class="DayPicker c2"
        lang="en"
      >
        <div
          class="DayPicker-wrapper"
          tabindex="0"
        >
          <div
            class="DayPicker-NavBar"
          >
            <span
              aria-label="Previous Month"
              class="DayPicker-NavButton DayPicker-NavButton--prev"
              role="button"
              tabindex="0"
            />
            <span
              aria-label="Next Month"
              class="DayPicker-NavButton DayPicker-NavButton--next"
              role="button"
              tabindex="0"
            />
          </div>
          <div
            class="DayPicker-Months"
          >
            <div
              class="DayPicker-Month"
              role="grid"
            >
              <div
                class="DayPicker-Caption"
                role="heading"
              >
                <div>
                  May 1955
                </div>
              </div>
              <div
                class="DayPicker-Weekdays"
                role="rowgroup"
              >
                <div
                  class="DayPicker-WeekdaysRow"
                  role="row"
                >
                  <div
                    class="DayPicker-Weekday"
                    role="columnheader"
                  >
                    <abbr
                      title="Sunday"
                    >
                      Su
                    </abbr>
                  </div>
                  <div
                    class="DayPicker-Weekday"
                    role="columnheader"
                  >
                    <abbr
                      title="Monday"
                    >
                      Mo
                    </abbr>
                  </div>
                  <div
                    class="DayPicker-Weekday"
                    role="columnheader"
                  >
                    <abbr
                      title="Tuesday"
                    >
                      Tu
                    </abbr>
                  </div>
                  <div
                    class="DayPicker-Weekday"
                    role="columnheader"
                  >
                    <abbr
                      title="Wednesday"
                    >
                      We
                    </abbr>
                  </div>
                  <div
                    class="DayPicker-Weekday"
                    role="columnheader"
                  >
                    <abbr
                      title="Thursday"
                    >
                      Th
                    </abbr>
                  </div>
                  <div
                    class="DayPicker-Weekday"
                    role="columnheader"
                  >
                    <abbr
                      title="Friday"
                    >
                      Fr
                    </abbr>
                  </div>
                  <div
                    class="DayPicker-Weekday"
                    role="columnheader"
                  >
                    <abbr
                      title="Saturday"
                    >
                      Sa
                    </abbr>
                  </div>
                </div>
              </div>
              <div
                class="DayPicker-Body"
                role="rowgroup"
              >
                <div
                  class="DayPicker-Week"
                  role="row"
                >
                  <div
                    aria-disabled="false"
                    aria-label="Sun May 01 1955"
                    aria-selected="false"
                    class="DayPicker-Day"
                    role="gridcell"
                    tabindex="0"
                  >
                    1
                  </div>
                  <div
                    aria-disabled="false"
                    aria-label="Mon May 02 1955"
                    aria-selected="false"
                    class="DayPicker-Day"
                    role="gridcell"
                    tabindex="-1"
                  >
                    2
                  </div>
                  <div
                    aria-disabled="false"
                    aria-label="Tue May 03 1955"
                    aria-selected="false"
                    class="DayPicker-Day"
                    role="gridcell"
                    tabindex="-1"
                  >
                    3
                  </div>
                  <div
                    aria-disabled="false"
                    aria-label="Wed May 04 1955"
                    aria-selected="false"
                    class="DayPicker-Day"
                    role="gridcell"
                    tabindex="-1"
                  >
                    4
                  </div>
                  <div
                    aria-disabled="false"
                    aria-label="Thu May 05 1955"
                    aria-selected="false"
                    class="DayPicker-Day"
                    role="gridcell"
                    tabindex="-1"
                  >
                    5
                  </div>
                  <div
                    aria-disabled="false"
                    aria-label="Fri May 06 1955"
                    aria-selected="false"
                    class="DayPicker-Day"
                    role="gridcell"
                    tabindex="-1"
                  >
                    6
                  </div>
                  <div
                    aria-disabled="false"
                    aria-label="Sat May 07 1955"
                    aria-selected="false"
                    class="DayPicker-Day"
                    role="gridcell"
                    tabindex="-1"
                  >
                    7
                  </div>
                </div>
                <div
                  class="DayPicker-Week"
                  role="row"
                >
                  <div
                    aria-disabled="false"
                    aria-label="Sun May 08 1955"
                    aria-selected="false"
                    class="DayPicker-Day"
                    role="gridcell"
                    tabindex="-1"
                  >
                    8
                  </div>
                  <div
                    aria-disabled="false"
                    aria-label="Mon May 09 1955"
                    aria-selected="false"
                    class="DayPicker-Day"
                    role="gridcell"
                    tabindex="-1"
                  >
                    9
                  </div>
                  <div
                    aria-disabled="false"
                    aria-label="Tue May 10 1955"
                    aria-selected="false"
                    class="DayPicker-Day"
                    role="gridcell"
                    tabindex="-1"
                  >
                    10
                  </div>
                  <div
                    aria-disabled="false"
                    aria-label="Wed May 11 1955"
                    aria-selected="true"
                    class="DayPicker-Day DayPicker-Day--selected"
                    role="gridcell"
                    tabindex="-1"
                  >
                    11
                  </div>
                  <div
                    aria-disabled="false"
                    aria-label="Thu May 12 1955"
                    aria-selected="false"
                    class="DayPicker-Day"
                    role="gridcell"
                    tabindex="-1"
                  >
                    12
                  </div>
                  <div
                    aria-disabled="false"
                    aria-label="Fri May 13 1955"
                    aria-selected="false"
                    class="DayPicker-Day"
                    role="gridcell"
                    tabindex="-1"
                  >
                    13
                  </div>
                  <div
                    aria-disabled="false"
                    aria-label="Sat May 14 1955"
                    aria-selected="false"
                    class="DayPicker-Day"
                    role="gridcell"
                    tabindex="-1"
                  >
                    14
                  </div>
                </div>
                <div
                  class="DayPicker-Week"
                  role="row"
                >
                  <div
                    aria-disabled="false"
                    aria-label="Sun May 15 1955"
                    aria-selected="false"
                    class="DayPicker-Day"
                    role="gridcell"
                    tabindex="-1"
                  >
                    15
                  </div>
                  <div
                    aria-disabled="false"
                    aria-label="Mon May 16 1955"
                    aria-selected="false"
                    class="DayPicker-Day"
                    role="gridcell"
                    tabindex="-1"
                  >
                    16
                  </div>
                  <div
                    aria-disabled="false"
                    aria-label="Tue May 17 1955"
                    aria-selected="false"
                    class="DayPicker-Day"
                    role="gridcell"
                    tabindex="-1"
                  >
                    17
                  </div>
                  <div
                    aria-disabled="false"
                    aria-label="Wed May 18 1955"
                    aria-selected="false"
                    class="DayPicker-Day"
                    role="gridcell"
                    tabindex="-1"
                  >
                    18
                  </div>
                  <div
                    aria-disabled="false"
                    aria-label="Thu May 19 1955"
                    aria-selected="false"
                    class="DayPicker-Day"
                    role="gridcell"
                    tabindex="-1"
                  >
                    19
                  </div>
                  <div
                    aria-disabled="false"
                    aria-label="Fri May 20 1955"
                    aria-selected="false"
                    class="DayPicker-Day"
                    role="gridcell"
                    tabindex="-1"
                  >
                    20
                  </div>
                  <div
                    aria-disabled="false"
                    aria-label="Sat May 21 1955"
                    aria-selected="false"
                    class="DayPicker-Day"
                    role="gridcell"
                    tabindex="-1"
                  >
                    21
                  </div>
                </div>
                <div
                  class="DayPicker-Week"
                  role="row"
                >
                  <div
                    aria-disabled="false"
                    aria-label="Sun May 22 1955"
                    aria-selected="false"
                    class="DayPicker-Day"
                    role="gridcell"
                    tabindex="-1"
                  >
                    22
                  </div>
                  <div
                    aria-disabled="false"
                    aria-label="Mon May 23 1955"
                    aria-selected="false"
                    class="DayPicker-Day"
                    role="gridcell"
                    tabindex="-1"
                  >
                    23
                  </div>
                  <div
                    aria-disabled="false"
                    aria-label="Tue May 24 1955"
                    aria-selected="false"
                    class="DayPicker-Day"
                    role="gridcell"
                    tabindex="-1"
                  >
                    24
                  </div>
                  <div
                    aria-disabled="false"
                    aria-label="Wed May 25 1955"
                    aria-selected="false"
                    class="DayPicker-Day"
                    role="gridcell"
                    tabindex="-1"
                  >
                    25
                  </div>
                  <div
                    aria-disabled="false"
                    aria-label="Thu May 26 1955"
                    aria-selected="false"
                    class="DayPicker-Day"
                    role="gridcell"
                    tabindex="-1"
                  >
                    26
                  </div>
                  <div
                    aria-disabled="false"
                    aria-label="Fri May 27 1955"
                    aria-selected="false"
                    class="DayPicker-Day"
                    role="gridcell"
                    tabindex="-1"
                  >
                    27
                  </div>
                  <div
                    aria-disabled="false"
                    aria-label="Sat May 28 1955"
                    aria-selected="false"
                    class="DayPicker-Day"
                    role="gridcell"
                    tabindex="-1"
                  >
                    28
                  </div>
                </div>
                <div
                  class="DayPicker-Week"
                  role="row"
                >
                  <div
                    aria-disabled="false"
                    aria-label="Sun May 29 1955"
                    aria-selected="false"
                    class="DayPicker-Day"
                    role="gridcell"
                    tabindex="-1"
                  >
                    29
                  </div>
                  <div
                    aria-disabled="false"
                    aria-label="Mon May 30 1955"
                    aria-selected="false"
                    class="DayPicker-Day"
                    role="gridcell"
                    tabindex="-1"
                  >
                    30
                  </div>
                  <div
                    aria-disabled="false"
                    aria-label="Tue May 31 1955"
                    aria-selected="false"
                    class="DayPicker-Day"
                    role="gridcell"
                    tabindex="-1"
                  >
                    31
                  </div>
                  <div
                    aria-disabled="true"
                    aria-label="Wed Jun 01 1955"
                    aria-selected="false"
                    class="DayPicker-Day DayPicker-Day--outside"
                    role="gridcell"
                    tabindex="-1"
                  >
                    1
                  </div>
                  <div
                    aria-disabled="true"
                    aria-label="Thu Jun 02 1955"
                    aria-selected="false"
                    class="DayPicker-Day DayPicker-Day--outside"
                    role="gridcell"
                    tabindex="-1"
                  >
                    2
                  </div>
                  <div
                    aria-disabled="true"
                    aria-label="Fri Jun 03 1955"
                    aria-selected="false"
                    class="DayPicker-Day DayPicker-Day--outside"
                    role="gridcell"
                    tabindex="-1"
                  >
                    3
                  </div>
                  <div
                    aria-disabled="true"
                    aria-label="Sat Jun 04 1955"
                    aria-selected="false"
                    class="DayPicker-Day DayPicker-Day--outside"
                    role="gridcell"
                    tabindex="-1"
                  >
                    4
                  </div>
                </div>
              </div>
            </div>
          </div>
        </div>
      </div>
    </div>
    <div>
      <div
        class="c3"
      >
        <div
          class="form-group"
        >
          <span
            class="input-group"
          >
            <span
              class="c4 input-group-addon c5"
            >
              <button
                class="c6 btn btn-sm btn-link"
                title="Toggle between beginning and end of day"
                type="button"
              >
                <svg
                  class="svg-inline--fa fa-hourglass-half"
                />
              </button>
            </span>
            <input
              class="c7 form-control input-sm"
              id="from-time-hours"
              size="2"
              title="from hour"
              type="text"
              value="06"
            />
            <span
              class="c4 input-group-addon c5"
            >
              :
            </span>
            <input
              class="c7 form-control input-sm"
              id="from-time-minutes"
              size="2"
              title="from minutes"
              type="text"
              value="15"
            />
            <span
              class="c4 input-group-addon c5"
            >
              :
            </span>
            <input
              class="c7 form-control input-sm"
              id="from-time-seconds"
              size="2"
              title="from seconds"
              type="text"
              value="00"
            />
            <span
              class="c4 input-group-addon c5"
            >
              .
            </span>
            <input
              class="c7 form-control input-sm"
              id="from-time-milliseconds"
              size="3"
              title="from milliseconds"
              type="text"
              value="000"
            />
            <span
              class="c4 input-group-addon c5"
            >
              <button
                class="c6 btn btn-sm btn-link"
                title="Set to current local time"
                type="button"
              >
                <svg
                  class="svg-inline--fa fa-magic"
                />
              </button>
            </span>
          </span>
        </div>
      </div>
    </div>
  </form>
</DocumentFragment>
`;
