// Jest Snapshot v1, https://goo.gl/fbAQLP

exports[`<MessageTableEntry /> rendering should render a MessageTableEntry 1`] = `
<tbody
  className="message-group message-group-toggled"
>
  <tr
    className="fields-row"
    onClick={[Function]}
  >
    <td>
      <strong>
        <time
          dateTime="2018-01-22T15:36:02.189Z"
          title="2018-01-22T15:36:02.189Z"
        >
          2018-01-22 16:36:02.189
        </time>
      </strong>
    </td>
  </tr>
  <tr
    className="message-detail-row"
    style={
      Object {
        "display": "table-row",
      }
    }
  >
    <td
      colSpan={1}
    >
      <div>
        <div
          className="row-sm row"
        >
          <div
            className="col-md-12"
          >
            <div
              className="pull-right btn-group btn-group-sm"
            >
              <a
                className="btn btn-default"
                href="/messages/01/01"
                onClick={[Function]}
                onKeyDown={[Function]}
              >
                Permalink
              </a>
              <button
                className="btn btn-default"
                data-clipboard-action="copy"
                data-clipboard-button={true}
                data-clipboard-text="01"
                disabled={false}
                onClick={[Function]}
                style={undefined}
                title={undefined}
                type="button"
              >
                Copy ID
              </button>
              <div
                className="dropdown btn-group btn-group-sm"
              >
                <button
                  aria-expanded={false}
                  aria-haspopup={true}
                  className="dropdown-toggle btn btn-sm btn-default"
                  disabled={false}
                  id="select-stream-dropdown"
                  onClick={[Function]}
                  onKeyDown={[Function]}
                  role="button"
                  type="button"
                >
                  Test against stream
                   
                  <span
                    className="caret"
                  />
                </button>
                <ul
                  aria-labelledby="select-stream-dropdown"
                  className="dropdown-menu dropdown-menu-right"
                  role="menu"
                >
                  <li
                    className=""
                    role="presentation"
                    style={undefined}
                  >
                    <a
                      action="push"
                      href="#"
                      onClick={[Function]}
                      onKeyDown={[Function]}
                      role="menuitem"
                      tabIndex="-1"
                    />
                  </li>
                  <li
                    className=""
                    role="presentation"
                    style={undefined}
                  >
                    <a
                      action="push"
                      href="#"
                      onClick={[Function]}
                      onKeyDown={[Function]}
                      role="menuitem"
                      tabIndex="-1"
                    />
                  </li>
                </ul>
              </div>
            </div>
            <h3
              className="message-details-title"
            >
              <i
                className="fa fa-envelope"
              />
              Â 
              <a
                onClick={[Function]}
                style={Object {}}
              >
                01
              </a>
            </h3>
          </div>
        </div>
        <div
          className="row"
        >
          <div
            className="col-md-3"
          >
            <dl
              className="message-details"
            >
              <dt>
                Stored in index
              </dt>
              <dd>
                01
              </dd>
            </dl>
          </div>
          <div
            className="col-md-9"
          >
            <div>
              <dl
                className="message-details message-details-fields"
              >
                <span>
                  <dt>
                    message
                  </dt>
                  <dd
                    className="message-field"
                  >
                    <div
                      className="message-field-actions pull-right"
                    >
                      <div
                        className="dropdown btn-group btn-group-xs"
                      >
                        <button
                          className="btn btn-xs btn-default"
                          disabled={false}
                          onClick={[Function]}
                          type="button"
                        >
                          <i
                            className="fa fa-search-plus"
                          />
                        </button>
                        <button
                          aria-expanded={false}
                          aria-haspopup={true}
                          aria-label={
                            <i
                              className="fa fa-search-plus"
                            />
                          }
                          className="dropdown-toggle btn btn-xs btn-default"
                          disabled={false}
                          id="more-actions-dropdown-field-message"
                          onClick={[Function]}
                          onKeyDown={[Function]}
                          role="button"
                          type="button"
                        >
                           
                          <span
                            className="caret"
                          />
                        </button>
                        <ul
                          aria-labelledby="more-actions-dropdown-field-message"
                          className="dropdown-menu dropdown-menu-right"
                          role="menu"
                        >
                          <li
                            className="dropdown-submenu left-submenu"
                            onKeyDown={[Function]}
                            onSelect={[Function]}
                          >
                            <a
                              href="#"
                            >
                              Create extractor for field 
                              message
                            </a>
                            <ul
                              className="dropdown-menu"
                            >
                              <li
                                className=""
                                role="presentation"
                                style={undefined}
                              >
                                <a
                                  href="/system/inputs/undefined/undefined/extractors/new?extractor_type=copy_input&field=message&example_index=01&example_id=01"
                                  onClick={[Function]}
                                  onKeyDown={[Function]}
                                  role="menuitem"
                                  tabIndex="-1"
                                >
                                  Copy input
                                </a>
                              </li>
                              <li
                                className=""
                                role="presentation"
                                style={undefined}
                              >
                                <a
                                  href="/system/inputs/undefined/undefined/extractors/new?extractor_type=grok&field=message&example_index=01&example_id=01"
                                  onClick={[Function]}
                                  onKeyDown={[Function]}
                                  role="menuitem"
                                  tabIndex="-1"
                                >
                                  Grok pattern
                                </a>
                              </li>
                              <li
                                className=""
                                role="presentation"
                                style={undefined}
                              >
                                <a
                                  href="/system/inputs/undefined/undefined/extractors/new?extractor_type=json&field=message&example_index=01&example_id=01"
                                  onClick={[Function]}
                                  onKeyDown={[Function]}
                                  role="menuitem"
                                  tabIndex="-1"
                                >
                                  JSON
                                </a>
                              </li>
                              <li
                                className=""
                                role="presentation"
                                style={undefined}
                              >
                                <a
                                  href="/system/inputs/undefined/undefined/extractors/new?extractor_type=regex&field=message&example_index=01&example_id=01"
                                  onClick={[Function]}
                                  onKeyDown={[Function]}
                                  role="menuitem"
                                  tabIndex="-1"
                                >
                                  Regular expression
                                </a>
                              </li>
                              <li
                                className=""
                                role="presentation"
                                style={undefined}
                              >
                                <a
                                  href="/system/inputs/undefined/undefined/extractors/new?extractor_type=regex_replace&field=message&example_index=01&example_id=01"
                                  onClick={[Function]}
                                  onKeyDown={[Function]}
                                  role="menuitem"
                                  tabIndex="-1"
                                >
                                  Replace with regular expression
                                </a>
                              </li>
                              <li
                                className=""
                                role="presentation"
                                style={undefined}
                              >
                                <a
                                  href="/system/inputs/undefined/undefined/extractors/new?extractor_type=split_and_index&field=message&example_index=01&example_id=01"
                                  onClick={[Function]}
                                  onKeyDown={[Function]}
                                  role="menuitem"
                                  tabIndex="-1"
                                >
                                  Split & Index
                                </a>
                              </li>
                              <li
                                className=""
                                role="presentation"
                                style={undefined}
                              >
                                <a
                                  href="/system/inputs/undefined/undefined/extractors/new?extractor_type=substring&field=message&example_index=01&example_id=01"
                                  onClick={[Function]}
                                  onKeyDown={[Function]}
                                  role="menuitem"
                                  tabIndex="-1"
                                >
                                  Substring
                                </a>
                              </li>
                              <li
                                className=""
                                role="presentation"
                                style={undefined}
                              >
                                <a
                                  href="/system/inputs/undefined/undefined/extractors/new?extractor_type=lookup_table&field=message&example_index=01&example_id=01"
                                  onClick={[Function]}
                                  onKeyDown={[Function]}
                                  role="menuitem"
                                  tabIndex="-1"
                                >
                                  Lookup Table
                                </a>
                              </li>
                            </ul>
                          </li>
                          <li
                            className=""
                            role="presentation"
                            style={undefined}
                          >
                            <a
                              href="#"
                              onClick={[Function]}
                              onKeyDown={[Function]}
                              role="menuitem"
                              tabIndex="-1"
                            >
                              Show terms of 
                              <em>
                                message
                              </em>
                            </a>
                          </li>
                        </ul>
                      </div>
                    </div>
                    <div
                      className="field-value"
                    >
                      2018-01-22T15:36:02.189Z foo
                    </div>
                  </dd>
                </span>
                <span>
                  <dt>
                    timestamp
                  </dt>
                  <dd
                    className=""
                  >
                    <div
                      className="message-field-actions pull-right"
                    >
                      <div
                        className="dropdown btn-group btn-group-xs"
                      >
                        <button
                          className="btn btn-xs btn-default"
                          disabled={false}
                          onClick={[Function]}
                          type="button"
                        >
                          <i
                            className="fa fa-search-plus"
                          />
                        </button>
                        <button
                          aria-expanded={false}
                          aria-haspopup={true}
                          aria-label={
                            <i
                              className="fa fa-search-plus"
                            />
                          }
                          className="dropdown-toggle btn btn-xs btn-default"
                          disabled={false}
                          id="more-actions-dropdown-field-timestamp"
                          onClick={[Function]}
                          onKeyDown={[Function]}
                          role="button"
                          type="button"
                        >
                           
                          <span
                            className="caret"
                          />
                        </button>
                        <ul
                          aria-labelledby="more-actions-dropdown-field-timestamp"
                          className="dropdown-menu dropdown-menu-right"
                          role="menu"
                        >
                          <li
                            className="dropdown-submenu left-submenu"
                            onKeyDown={[Function]}
                            onSelect={[Function]}
                          >
                            <a
                              href="#"
                            >
                              Create extractor for field 
                              timestamp
                            </a>
                            <ul
                              className="dropdown-menu"
                            >
                              <li
                                className=""
                                role="presentation"
                                style={undefined}
                              >
                                <a
                                  href="/system/inputs/undefined/undefined/extractors/new?extractor_type=copy_input&field=timestamp&example_index=01&example_id=01"
                                  onClick={[Function]}
                                  onKeyDown={[Function]}
                                  role="menuitem"
                                  tabIndex="-1"
                                >
                                  Copy input
                                </a>
                              </li>
                              <li
                                className=""
                                role="presentation"
                                style={undefined}
                              >
                                <a
                                  href="/system/inputs/undefined/undefined/extractors/new?extractor_type=grok&field=timestamp&example_index=01&example_id=01"
                                  onClick={[Function]}
                                  onKeyDown={[Function]}
                                  role="menuitem"
                                  tabIndex="-1"
                                >
                                  Grok pattern
                                </a>
                              </li>
                              <li
                                className=""
                                role="presentation"
                                style={undefined}
                              >
                                <a
                                  href="/system/inputs/undefined/undefined/extractors/new?extractor_type=json&field=timestamp&example_index=01&example_id=01"
                                  onClick={[Function]}
                                  onKeyDown={[Function]}
                                  role="menuitem"
                                  tabIndex="-1"
                                >
                                  JSON
                                </a>
                              </li>
                              <li
                                className=""
                                role="presentation"
                                style={undefined}
                              >
                                <a
                                  href="/system/inputs/undefined/undefined/extractors/new?extractor_type=regex&field=timestamp&example_index=01&example_id=01"
                                  onClick={[Function]}
                                  onKeyDown={[Function]}
                                  role="menuitem"
                                  tabIndex="-1"
                                >
                                  Regular expression
                                </a>
                              </li>
                              <li
                                className=""
                                role="presentation"
                                style={undefined}
                              >
                                <a
                                  href="/system/inputs/undefined/undefined/extractors/new?extractor_type=regex_replace&field=timestamp&example_index=01&example_id=01"
                                  onClick={[Function]}
                                  onKeyDown={[Function]}
                                  role="menuitem"
                                  tabIndex="-1"
                                >
                                  Replace with regular expression
                                </a>
                              </li>
                              <li
                                className=""
                                role="presentation"
                                style={undefined}
                              >
                                <a
                                  href="/system/inputs/undefined/undefined/extractors/new?extractor_type=split_and_index&field=timestamp&example_index=01&example_id=01"
                                  onClick={[Function]}
                                  onKeyDown={[Function]}
                                  role="menuitem"
                                  tabIndex="-1"
                                >
                                  Split & Index
                                </a>
                              </li>
                              <li
                                className=""
                                role="presentation"
                                style={undefined}
                              >
                                <a
                                  href="/system/inputs/undefined/undefined/extractors/new?extractor_type=substring&field=timestamp&example_index=01&example_id=01"
                                  onClick={[Function]}
                                  onKeyDown={[Function]}
                                  role="menuitem"
                                  tabIndex="-1"
                                >
                                  Substring
                                </a>
                              </li>
                              <li
                                className=""
                                role="presentation"
                                style={undefined}
                              >
                                <a
                                  href="/system/inputs/undefined/undefined/extractors/new?extractor_type=lookup_table&field=timestamp&example_index=01&example_id=01"
                                  onClick={[Function]}
                                  onKeyDown={[Function]}
                                  role="menuitem"
                                  tabIndex="-1"
                                >
                                  Lookup Table
                                </a>
                              </li>
                            </ul>
                          </li>
                          <li
                            className=""
                            role="presentation"
                            style={undefined}
                          >
                            <a
                              href="#"
                              onClick={[Function]}
                              onKeyDown={[Function]}
                              role="menuitem"
                              tabIndex="-1"
                            >
                              Show terms of 
                              <em>
                                timestamp
                              </em>
                            </a>
                          </li>
                        </ul>
                      </div>
                    </div>
                    <div
                      className="field-value"
                    >
                      <span>
                        <time
                          dateTime="2018-01-22T15:36:02.189Z"
                          title="2018-01-22T15:36:02.189Z"
                        >
                          2018-01-22 16:36:02.189 +01:00
                        </time>
                        <i
                          className="fa fa-fw fa-info timezoneInfo"
                          onClick={null}
                          onMouseOut={[Function]}
                          onMouseOver={[Function]}
                        />
                      </span>
                    </div>
                  </dd>
                </span>
              </dl>
            </div>
          </div>
        </div>
      </div>
    </td>
  </tr>
</tbody>
`;
