// Jest Snapshot v1, https://goo.gl/fbAQLP

exports[`<InteractableModal /> properly renders 1`] = `undefined`;
