// Jest Snapshot v1, https://goo.gl/fbAQLP

exports[`<ProgressBar /> properly renders with animated 1`] = `
.c0 {
  height: 20px;
  margin-bottom: 20px;
  overflow: hidden;
  background-color: #eaeaeb;
  border-radius: 4px;
  box-shadow: inset 0 1px 2px rgba(255,255,255,0.1);
  display: -webkit-box;
  display: -webkit-flex;
  display: -ms-flexbox;
  display: flex;
  -webkit-align-items: center;
  -webkit-box-align: center;
  -ms-flex-align: center;
  align-items: center;
}

.c1 {
  height: 100%;
  font-size: 0.878rem;
  text-align: center;
  box-shadow: inset 0 -1px 0 rgba(255,255,255,0.1);
  -webkit-transition: width 500ms ease-in-out;
  transition: width 500ms ease-in-out;
  width: 45%;
  max-width: 100%;
  text-shadow: 0 1px 2px rgba(62,67,76,0.4),2px -1px 3px rgba(255,255,255,0.5);
  background-image: linear-gradient( 45deg,rgba(255,255,255,0.25) 25%,transparent 25%,transparent 50%,rgba(255,255,255,0.25) 50%,rgba(255,255,255,0.25) 75%,transparent 75%,transparent );
  background-size: 40px 40px;
  -webkit-animation: jWjlvG 2s linear infinite;
  animation: jWjlvG 2s linear infinite;
  background-color: #578dcc;
  color: #3e434c;
}

<div>
  <div
    class="c0"
  >
    <div
      aria-valuemax="100"
      aria-valuemin="0"
      aria-valuenow="45"
      class="c1"
      role="progressbar"
      value="45"
    />
  </div>
</div>
`;

exports[`<ProgressBar /> properly renders with bsStyle variant 1`] = `
.c0 {
  height: 20px;
  margin-bottom: 20px;
  overflow: hidden;
  background-color: #eaeaeb;
  border-radius: 4px;
  box-shadow: inset 0 1px 2px rgba(255,255,255,0.1);
  display: -webkit-box;
  display: -webkit-flex;
  display: -ms-flexbox;
  display: flex;
  -webkit-align-items: center;
  -webkit-box-align: center;
  -ms-flex-align: center;
  align-items: center;
}

.c1 {
  height: 100%;
  font-size: 0.878rem;
  text-align: center;
  box-shadow: inset 0 -1px 0 rgba(255,255,255,0.1);
  -webkit-transition: width 500ms ease-in-out;
  transition: width 500ms ease-in-out;
  width: 67%;
  max-width: 100%;
  text-shadow: 0 1px 2px rgba(62,67,76,0.4),2px -1px 3px rgba(255,255,255,0.5);
  background-color: #eb5454;
  color: #3e434c;
}

<div>
  <div
    class="c0"
  >
    <div
      aria-valuemax="100"
      aria-valuemin="0"
      aria-valuenow="67"
      class="c1"
      role="progressbar"
      value="67"
    />
  </div>
</div>
`;

exports[`<ProgressBar /> properly renders with label 1`] = `
.c0 {
  height: 20px;
  margin-bottom: 20px;
  overflow: hidden;
  background-color: #eaeaeb;
  border-radius: 4px;
  box-shadow: inset 0 1px 2px rgba(255,255,255,0.1);
  display: -webkit-box;
  display: -webkit-flex;
  display: -ms-flexbox;
  display: flex;
  -webkit-align-items: center;
  -webkit-box-align: center;
  -ms-flex-align: center;
  align-items: center;
}

.c1 {
  height: 100%;
  font-size: 0.878rem;
  text-align: center;
  box-shadow: inset 0 -1px 0 rgba(255,255,255,0.1);
  -webkit-transition: width 500ms ease-in-out;
  transition: width 500ms ease-in-out;
  width: 23%;
  max-width: 100%;
  text-shadow: 0 1px 2px rgba(62,67,76,0.4),2px -1px 3px rgba(255,255,255,0.5);
  background-color: #578dcc;
  color: #3e434c;
}

<div>
  <div
    class="c0"
  >
    <div
      aria-valuemax="100"
      aria-valuemin="0"
      aria-valuenow="23"
      aria-valuetext="Example ProgressBar"
      class="c1"
      role="progressbar"
      value="23"
    >
      Example ProgressBar
    </div>
  </div>
</div>
`;

exports[`<ProgressBar /> properly renders with multiple bars 1`] = `
.c0 {
  height: 20px;
  margin-bottom: 20px;
  overflow: hidden;
  background-color: #eaeaeb;
  border-radius: 4px;
  box-shadow: inset 0 1px 2px rgba(255,255,255,0.1);
  display: -webkit-box;
  display: -webkit-flex;
  display: -ms-flexbox;
  display: flex;
  -webkit-align-items: center;
  -webkit-box-align: center;
  -ms-flex-align: center;
  align-items: center;
}

.c1 {
  height: 100%;
  font-size: 0.878rem;
  text-align: center;
  box-shadow: inset 0 -1px 0 rgba(255,255,255,0.1);
  -webkit-transition: width 500ms ease-in-out;
  transition: width 500ms ease-in-out;
  width: 35%;
  max-width: 100%;
  text-shadow: 0 1px 2px rgba(62,67,76,0.4),2px -1px 3px rgba(255,255,255,0.5);
  background-color: #578dcc;
  color: #3e434c;
}

.c2 {
  height: 100%;
  font-size: 0.878rem;
  text-align: center;
  box-shadow: inset 0 -1px 0 rgba(255,255,255,0.1);
  -webkit-transition: width 500ms ease-in-out;
  transition: width 500ms ease-in-out;
  width: 55%;
  max-width: 100%;
  text-shadow: 0 1px 2px rgba(62,67,76,0.4),2px -1px 3px rgba(255,255,255,0.5);
  background-color: #578dcc;
  color: #3e434c;
}

<div>
  <div
    class="c0"
  >
    <div
      aria-valuemax="100"
      aria-valuemin="0"
      aria-valuenow="35"
      class="c1"
      role="progressbar"
      value="35"
    />
    <div
      aria-valuemax="100"
      aria-valuemin="0"
      aria-valuenow="55"
      class="c2"
      role="progressbar"
      value="55"
    />
  </div>
</div>
`;

exports[`<ProgressBar /> properly renders with no props 1`] = `
.c0 {
  height: 20px;
  margin-bottom: 20px;
  overflow: hidden;
  background-color: #eaeaeb;
  border-radius: 4px;
  box-shadow: inset 0 1px 2px rgba(255,255,255,0.1);
  display: -webkit-box;
  display: -webkit-flex;
  display: -ms-flexbox;
  display: flex;
  -webkit-align-items: center;
  -webkit-box-align: center;
  -ms-flex-align: center;
  align-items: center;
}

.c1 {
  height: 100%;
  font-size: 0.878rem;
  text-align: center;
  box-shadow: inset 0 -1px 0 rgba(255,255,255,0.1);
  -webkit-transition: width 500ms ease-in-out;
  transition: width 500ms ease-in-out;
  width: 0%;
  max-width: 100%;
  text-shadow: 0 1px 2px rgba(62,67,76,0.4),2px -1px 3px rgba(255,255,255,0.5);
  background-color: #578dcc;
  color: #3e434c;
}

<div>
  <div
    class="c0"
  >
    <div
      aria-valuemax="100"
      aria-valuemin="0"
      aria-valuenow="0"
      class="c1"
      role="progressbar"
      value="0"
    />
  </div>
</div>
`;

exports[`<ProgressBar /> properly renders with one bar 1`] = `
.c0 {
  height: 20px;
  margin-bottom: 20px;
  overflow: hidden;
  background-color: #eaeaeb;
  border-radius: 4px;
  box-shadow: inset 0 1px 2px rgba(255,255,255,0.1);
  display: -webkit-box;
  display: -webkit-flex;
  display: -ms-flexbox;
  display: flex;
  -webkit-align-items: center;
  -webkit-box-align: center;
  -ms-flex-align: center;
  align-items: center;
}

.c1 {
  height: 100%;
  font-size: 0.878rem;
  text-align: center;
  box-shadow: inset 0 -1px 0 rgba(255,255,255,0.1);
  -webkit-transition: width 500ms ease-in-out;
  transition: width 500ms ease-in-out;
  width: 35%;
  max-width: 100%;
  text-shadow: 0 1px 2px rgba(62,67,76,0.4),2px -1px 3px rgba(255,255,255,0.5);
  background-color: #578dcc;
  color: #3e434c;
}

<div>
  <div
    class="c0"
  >
    <div
      aria-valuemax="100"
      aria-valuemin="0"
      aria-valuenow="35"
      class="c1"
      role="progressbar"
      value="35"
    />
  </div>
</div>
`;

exports[`<ProgressBar /> properly renders with striped 1`] = `
.c0 {
  height: 20px;
  margin-bottom: 20px;
  overflow: hidden;
  background-color: #eaeaeb;
  border-radius: 4px;
  box-shadow: inset 0 1px 2px rgba(255,255,255,0.1);
  display: -webkit-box;
  display: -webkit-flex;
  display: -ms-flexbox;
  display: flex;
  -webkit-align-items: center;
  -webkit-box-align: center;
  -ms-flex-align: center;
  align-items: center;
}

.c1 {
  height: 100%;
  font-size: 0.878rem;
  text-align: center;
  box-shadow: inset 0 -1px 0 rgba(255,255,255,0.1);
  -webkit-transition: width 500ms ease-in-out;
  transition: width 500ms ease-in-out;
  width: 56%;
  max-width: 100%;
  text-shadow: 0 1px 2px rgba(62,67,76,0.4),2px -1px 3px rgba(255,255,255,0.5);
  background-image: linear-gradient( 45deg,rgba(255,255,255,0.25) 25%,transparent 25%,transparent 50%,rgba(255,255,255,0.25) 50%,rgba(255,255,255,0.25) 75%,transparent 75%,transparent );
  background-size: 40px 40px;
  background-color: #578dcc;
  color: #3e434c;
}

<div>
  <div
    class="c0"
  >
    <div
      aria-valuemax="100"
      aria-valuemin="0"
      aria-valuenow="56"
      class="c1"
      role="progressbar"
      value="56"
    />
  </div>
</div>
`;
