// Jest Snapshot v1, https://goo.gl/fbAQLP

exports[`EventHandler convert should convert events to chart data and shapes 1`] = `
{
  "eventChartData": {
    "hovertemplate": "%{text}",
    "mode": "markers",
    "name": "Alerts",
    "opacity": 0.5,
    "text": [
      "This is a emergency. Please stay calm.",
    ],
    "type": "scatter",
    "x": [
      "2019-11-14T08:53:35.000+00:00",
    ],
    "y": [
      0,
    ],
  },
  "shapes": [
    {
      "layer": "below",
      "opacity": 0.5,
      "type": "line",
      "x0": "2019-11-14T08:53:35.000+00:00",
      "x1": "2019-11-14T08:53:35.000+00:00",
      "y0": 0,
      "y1": 1,
      "yref": "paper",
    },
  ],
}
`;
