// Jest Snapshot v1, https://goo.gl/fbAQLP

exports[`DataTableEntry provides valuePath in context for each value 1`] = `
[
  {
    "valuePath": [
      {
        "nf_dst_address": "192.168.1.24",
      },
    ],
  },
  {
    "valuePath": [
      {
        "nf_dst_address": "192.168.1.24",
      },
    ],
  },
  {
    "valuePath": [
      {
        "nf_dst_address": "192.168.1.24",
      },
      {
        "_exists_": "timestamp",
      },
    ],
  },
  {
    "valuePath": [
      {
        "nf_dst_address": "192.168.1.24",
      },
      {
        "_exists_": "timestamp",
      },
    ],
  },
  {
    "valuePath": [
      {
        "nf_dst_address": "192.168.1.24",
      },
      {
        "nf_proto_name": "TCP",
      },
    ],
  },
  {
    "valuePath": [
      {
        "nf_dst_address": "192.168.1.24",
      },
      {
        "nf_proto_name": "TCP",
      },
      {
        "_exists_": "timestamp",
      },
    ],
  },
  {
    "valuePath": [
      {
        "nf_dst_address": "192.168.1.24",
      },
      {
        "nf_proto_name": "TCP",
      },
      {
        "_exists_": "timestamp",
      },
    ],
  },
  {
    "valuePath": [
      {
        "nf_dst_address": "192.168.1.24",
      },
      {
        "nf_proto_name": "UDP",
      },
    ],
  },
  {
    "valuePath": [
      {
        "nf_dst_address": "192.168.1.24",
      },
      {
        "nf_proto_name": "UDP",
      },
      {
        "_exists_": "timestamp",
      },
    ],
  },
  {
    "valuePath": [
      {
        "nf_dst_address": "192.168.1.24",
      },
      {
        "nf_proto_name": "UDP",
      },
      {
        "_exists_": "timestamp",
      },
    ],
  },
]
`;
