// Jest Snapshot v1, https://goo.gl/fbAQLP

exports[`SearchBarForm with AbsoluteTimeRangeSelector renders 1`] = `
<DocumentFragment>
  .c0 {
  height: 100%;
}

.c3.btn-danger {
  background-color: #ad0707;
  border-color: #b23939;
  color: rgb(252,249,249);
  -webkit-transition: background-color 150ms ease-in-out,border 150ms ease-in-out,color 150ms ease-in-out;
  transition: background-color 150ms ease-in-out,border 150ms ease-in-out,color 150ms ease-in-out;
}

.c3.btn-danger:hover {
  background-color: #a00e0e;
  border-color: #a53636;
  color: #e9e6e6;
}

.c3.btn-danger.active {
  background-color: #b75151;
  border-color: #bc6363;
  color: rgb(252,249,249);
}

.c3.btn-danger.active:hover {
  background-color: #a94c4c;
  border-color: #ad5c5c;
  color: #e9e6e6;
}

.c3.btn-danger[disabled],
.c3.btn-danger.disabled {
  background-color: #c07272;
  border-color: #bc6363;
  color: rgb(252,250,250);
}

.c3.btn-danger[disabled]:hover,
.c3.btn-danger.disabled:hover {
  background-color: #c07272;
  border-color: #bc6363;
  color: rgb(252,250,250);
}

.c3.btn-default {
  background-color: #e6e6e6;
  border-color: #e0e0e0;
  color: rgb(73,73,73);
  -webkit-transition: background-color 150ms ease-in-out,border 150ms ease-in-out,color 150ms ease-in-out;
  transition: background-color 150ms ease-in-out,border 150ms ease-in-out,color 150ms ease-in-out;
}

.c3.btn-default:hover {
  background-color: #d4d4d4;
  border-color: #cfcfcf;
  color: #444444;
}

.c3.btn-default.active {
  background-color: #dadada;
  border-color: #d4d4d4;
  color: rgb(49,49,49);
}

.c3.btn-default.active:hover {
  background-color: #cacaca;
  border-color: #c4c4c4;
  color: #2f2f2f;
}

.c3.btn-default[disabled],
.c3.btn-default.disabled {
  background-color: #cecece;
  border-color: #d4d4d4;
  color: rgb(80,80,80);
}

.c3.btn-default[disabled]:hover,
.c3.btn-default.disabled:hover {
  background-color: #cecece;
  border-color: #d4d4d4;
  color: rgb(80,80,80);
}

.c3.btn-info {
  background-color: #0063be;
  border-color: #3970c2;
  color: rgb(249,250,252);
  -webkit-transition: background-color 150ms ease-in-out,border 150ms ease-in-out,color 150ms ease-in-out;
  transition: background-color 150ms ease-in-out,border 150ms ease-in-out,color 150ms ease-in-out;
}

.c3.btn-info:hover {
  background-color: #0c5cb0;
  border-color: #3668b3;
  color: #e6e7e9;
}

.c3.btn-info.active {
  background-color: #517cc5;
  border-color: #6386c9;
  color: rgb(249,250,252);
}

.c3.btn-info.active:hover {
  background-color: #4b73b6;
  border-color: #5c7dba;
  color: #e6e7e9;
}

.c3.btn-info[disabled],
.c3.btn-info.disabled {
  background-color: #7290cd;
  border-color: #6386c9;
  color: rgb(250,251,253);
}

.c3.btn-info[disabled]:hover,
.c3.btn-info.disabled:hover {
  background-color: #7290cd;
  border-color: #6386c9;
  color: rgb(250,251,253);
}

.c3.btn-link {
  background-color: rgba(255,255,255,0);
  border-color: rgba(255,255,255,0);
  color: #702785;
  -webkit-transition: background-color 150ms ease-in-out,border 150ms ease-in-out,color 150ms ease-in-out;
  transition: background-color 150ms ease-in-out,border 150ms ease-in-out,color 150ms ease-in-out;
}

.c3.btn-link:hover {
  background-color: transparent;
  border-color: transparent;
  color: #410057;
}

.c3.btn-link.active {
  background-color: rgba(255,255,255,0);
  border-color: rgba(255,255,255,0);
  color: #410057;
}

.c3.btn-link.active:hover {
  background-color: rgba(255,255,255,0);
  border-color: transparent;
  color: #410057;
}

.c3.btn-link[disabled],
.c3.btn-link.disabled {
  background-color: rgba(255,255,255,0);
  border-color: rgba(255,255,255,0);
  color: #702785;
}

.c3.btn-link[disabled]:hover,
.c3.btn-link.disabled:hover {
  background-color: rgba(255,255,255,0);
  border-color: rgba(255,255,255,0);
  color: #702785;
}

.c3.btn-primary {
  background-color: #702785;
  border-color: #7b458e;
  color: rgb(234,229,236);
  -webkit-transition: background-color 150ms ease-in-out,border 150ms ease-in-out,color 150ms ease-in-out;
  transition: background-color 150ms ease-in-out,border 150ms ease-in-out,color 150ms ease-in-out;
}

.c3.btn-primary:hover {
  background-color: #68267b;
  border-color: #724083;
  color: #d8d3da;
}

.c3.btn-primary.active {
  background-color: #855996;
  border-color: #8f699d;
  color: rgb(250,249,251);
}

.c3.btn-primary.active:hover {
  background-color: #7c538b;
  border-color: #846292;
  color: #e7e6e8;
}

.c3.btn-primary[disabled],
.c3.btn-primary.disabled {
  background-color: #9877a5;
  border-color: #8f699d;
  color: rgb(251,250,251);
}

.c3.btn-primary[disabled]:hover,
.c3.btn-primary.disabled:hover {
  background-color: #9877a5;
  border-color: #8f699d;
  color: rgb(251,250,251);
}

.c3.btn-success {
  background-color: #00ae42;
  border-color: #39b356;
  color: rgb(249,252,249);
  -webkit-transition: background-color 150ms ease-in-out,border 150ms ease-in-out,color 150ms ease-in-out;
  transition: background-color 150ms ease-in-out,border 150ms ease-in-out,color 150ms ease-in-out;
}

.c3.btn-success:hover {
  background-color: #0ca13e;
  border-color: #36a550;
  color: #e6e9e6;
}

.c3.btn-success.active {
  background-color: #51b866;
  border-color: #63bc74;
  color: rgb(249,252,250);
}

.c3.btn-success.active:hover {
  background-color: #4baa5f;
  border-color: #5cae6c;
  color: #e6e9e7;
}

.c3.btn-success[disabled],
.c3.btn-success.disabled {
  background-color: #72c180;
  border-color: #63bc74;
  color: rgb(250,252,250);
}

.c3.btn-success[disabled]:hover,
.c3.btn-success.disabled:hover {
  background-color: #72c180;
  border-color: #63bc74;
  color: rgb(250,252,250);
}

.c3.btn-warning {
  background-color: #ffd200;
  border-color: #f9cd07;
  color: rgb(57,47,0);
  -webkit-transition: background-color 150ms ease-in-out,border 150ms ease-in-out,color 150ms ease-in-out;
  transition: background-color 150ms ease-in-out,border 150ms ease-in-out,color 150ms ease-in-out;
}

.c3.btn-warning:hover {
  background-color: #ebc20c;
  border-color: #e6bd0e;
  color: #362d0c;
}

.c3.btn-warning.active {
  background-color: #f2c70a;
  border-color: #ebc20c;
  color: rgb(54,45,2);
}

.c3.btn-warning.active:hover {
  background-color: #e0b80f;
  border-color: #d9b310;
  color: #332b0c;
}

.c3.btn-warning[disabled],
.c3.btn-warning.disabled {
  background-color: #e4bc0e;
  border-color: #ebc20c;
  color: rgb(88,73,5);
}

.c3.btn-warning[disabled]:hover,
.c3.btn-warning.disabled:hover {
  background-color: #e4bc0e;
  border-color: #ebc20c;
  color: rgb(88,73,5);
}

.c2.form-control:not([type="range"]) {
  color: #1f1f1f;
  background-color: #fff;
  border-color: #a6a6a6;
}

.c2.form-control:not([type="range"])::-webkit-input-placeholder {
  color: #9b9b9b;
}

.c2.form-control:not([type="range"])::-moz-placeholder {
  color: #9b9b9b;
}

.c2.form-control:not([type="range"]):-ms-input-placeholder {
  color: #9b9b9b;
}

.c2.form-control:not([type="range"])::placeholder {
  color: #9b9b9b;
}

.c2.form-control:not([type="range"]):focus {
  border-color: #7894ce;
  box-shadow: inset 0 1px 1px rgba(0,0,0,0.075),0 0 8px rgba(120,148,206,0.4);
}

.c2.form-control:not([type="range"])[disabled],
.c2.form-control:not([type="range"])[readonly],
fieldset[disabled] .c2.form-control:not([type="range"]) {
  background-color: #dddddd;
  color: #9b9b9b;
}

.c2.form-control:not([type="range"]) ~ .form-control-feedback.glyphicon {
  display: none;
}

.c1 {
  width: 200px;
}

.c4 {
  margin: 0;
  line-height: 34px;
  font-size: 1.125rem;
  padding-left: 15px;
  padding-right: 15px;
}

<form
    action="#"
    class="c0"
  >
    <div
      class="c1"
    >
      <div>
        <div
          class="form-group"
        >
          <span>
            <span
              class="input-group"
            >
              <input
                autocomplete="off"
                class="c2 absolute form-control"
                id="date-input-tempTimeRange.from"
                label=""
                name="tempTimeRange.from"
                placeholder="YYYY-MM-DD HH:mm:ss"
                required=""
                type="text"
                value=""
              />
              <span
                class="input-group-btn"
              >
                <button
                  class="c3 btn btn-default"
                  title="Insert current date"
                  type="button"
                >
                  <svg
                    class="svg-inline--fa fa-magic"
                  />
                </button>
              </span>
            </span>
          </span>
        </div>
      </div>
    </div>
    <p
      class="c4 text-center"
    >
      <svg
        class="svg-inline--fa fa-long-arrow-alt-right"
      />
    </p>
    <div
      class="c1"
    >
      <div>
        <div
          class="form-group"
        >
          <span>
            <span
              class="input-group"
            >
              <input
                autocomplete="off"
                class="c2 absolute form-control"
                id="date-input-tempTimeRange.to"
                label=""
                name="tempTimeRange.to"
                placeholder="YYYY-MM-DD HH:mm:ss"
                required=""
                type="text"
                value=""
              />
              <span
                class="input-group-btn"
              >
                <button
                  class="c3 btn btn-default"
                  title="Insert current date"
                  type="button"
                >
                  <svg
                    class="svg-inline--fa fa-magic"
                  />
                </button>
              </span>
            </span>
          </span>
        </div>
      </div>
    </div>
  </form>
</DocumentFragment>
`;
