// Jest Snapshot v1, https://goo.gl/fbAQLP

exports[`AppErrorBoundary displays child component if there is no error 1`] = `
<AppErrorBoundary
  router={
    Object {
      "listen": [MockFunction] {
        "calls": Array [
          Array [
            [Function],
          ],
        ],
        "results": Array [
          Object {
            "isThrow": false,
            "value": undefined,
          },
        ],
      },
    }
  }
>
  <WorkingComponent>
    <div>
      Hello World!
    </div>
  </WorkingComponent>
</AppErrorBoundary>
`;
