// Jest Snapshot v1, https://goo.gl/fbAQLP

exports[`RequirementsProvided throws Component if not all requirements are provided 1`] = `
<Component>
  <MissingRequirements
    missingRequirements={
      Object {
        "hyperspeed": Object {
          "name": "Pandora's Box",
          "url": "https://www.graylog.org",
        },
        "timetravel": Object {
          "name": "Pandora's Box",
          "url": "https://www.graylog.org",
        },
      }
    }
    view={
      Object {
        "created_at": 2019-05-29T11:24:51.555Z,
        "description": undefined,
        "id": undefined,
        "owner": undefined,
        "properties": undefined,
        "search_id": "5cee6c03675ef9df8b0a7bb0",
        "state": undefined,
        "summary": undefined,
        "title": undefined,
        "type": undefined,
      }
    }
  >
    <Row
      bsClass="row"
      className="content"
      componentClass="div"
    >
      <div
        className="content row"
      >
        <Col
          bsClass="col"
          className="bootstrapHeading"
          componentClass="div"
          md={6}
          mdOffset={3}
        >
          <div
            className="bootstrapHeading col-md-6 col-md-offset-3"
          >
            <h1>
              View: 
              <em />
            </h1>
            <p>
              Unfortunately executing this view is not possible. It uses the following capabilities which are not available:
            </p>
            <ul>
              <li
                key="timetravel"
              >
                <strong>
                  timetravel
                </strong>
                 - included in 
                <a
                  href="https://www.graylog.org"
                  rel="noopener noreferrer"
                  target="_blank"
                >
                  Pandora's Box
                </a>
              </li>
              <li
                key="hyperspeed"
              >
                <strong>
                  hyperspeed
                </strong>
                 - included in 
                <a
                  href="https://www.graylog.org"
                  rel="noopener noreferrer"
                  target="_blank"
                >
                  Pandora's Box
                </a>
              </li>
            </ul>
          </div>
        </Col>
        <Col
          bsClass="col"
          componentClass="div"
          md={1}
          mdOffset={8}
        >
          <div
            className="col-md-1 col-md-offset-8"
          >
            <LinkContainer
              action="push"
              onlyActiveOnIndex={false}
              to="/path/to/views"
            >
              <ForwardRef
                action="push"
                bsStyle="success"
                onClick={[Function]}
                type="submit"
              >
                <Button
                  action="push"
                  bsStyle="success"
                  onClick={[Function]}
                  type="submit"
                >
                  <StyledComponent
                    action="push"
                    bsStyle="success"
                    forwardedComponent={
                      Object {
                        "$$typeof": Symbol(react.forward_ref),
                        "SIZES": Array [
                          "large",
                          "small",
                          "xsmall",
                        ],
                        "STYLES": Array [
                          "success",
                          "warning",
                          "danger",
                          "info",
                          "default",
                          "primary",
                          "link",
                        ],
                        "attrs": Array [],
                        "componentStyle": ComponentStyle {
                          "componentId": "Button-c9cbmb-0",
                          "isStatic": false,
                          "lastClassName": "jKsGyd",
                          "rules": Array [
                            [Function],
                          ],
                        },
                        "displayName": "Button",
                        "foldedComponentIds": Array [],
                        "render": [Function],
                        "styledComponentId": "Button-c9cbmb-0",
                        "target": [Function],
                        "toString": [Function],
                        "warnTooManyClasses": [Function],
                        "withComponent": [Function],
                      }
                    }
                    forwardedRef={null}
                    onClick={[Function]}
                    type="submit"
                  >
                    <Button
                      action="push"
                      active={false}
                      block={false}
                      bsClass="btn"
                      bsStyle="success"
                      className="Button-c9cbmb-0 jKsGyd"
                      disabled={false}
                      onClick={[Function]}
                      type="submit"
                    >
                      <button
                        action="push"
                        className="Button-c9cbmb-0 jKsGyd btn btn-success"
                        disabled={false}
                        onClick={[Function]}
                        type="submit"
                      >
                        Back
                      </button>
                    </Button>
                  </StyledComponent>
                </Button>
              </ForwardRef>
            </LinkContainer>
          </div>
        </Col>
      </div>
    </Row>
  </MissingRequirements>
</Component>
`;
